---
source: src/cuda/kernel/reduction.rs
expression: kernel.params
---
[
    Node(
        NodeId(
            1v1,
        ),
    ),
    Node(
        NodeId(
            2v1,
        ),
    ),
    Var(
        VarId(
            0,
        ),
    ),
    Output(
        NodeId(
            4v1,
        ),
    ),
    Output(
        NodeId(
            5v1,
        ),
    ),
    ReductionStride,
    Size,
]
